Archive member included because of file (symbol)

c:/winavr-20100110/bin/../lib/gcc/avr/4.3.3/avr5\libgcc.a(_udivmodqi4.o)
                              ./US.o (__udivmodqi4)
c:/winavr-20100110/bin/../lib/gcc/avr/4.3.3/avr5\libgcc.a(_divmodhi4.o)
                              ./ISRs.o (__divmodhi4)
c:/winavr-20100110/bin/../lib/gcc/avr/4.3.3/avr5\libgcc.a(_exit.o)
                              c:/winavr-20100110/bin/../lib/gcc/avr/4.3.3/../../../../avr/lib/avr5/crtm16.o (exit)
c:/winavr-20100110/bin/../lib/gcc/avr/4.3.3/avr5\libgcc.a(_clear_bss.o)
                              ./AGILE_REQ2.o (__do_clear_bss)
c:/winavr-20100110/bin/../lib/gcc/avr/4.3.3/avr5\libgcc.a(_fixunssfsi.o)
                              ./timers.o (__fixunssfsi)
c:/winavr-20100110/bin/../lib/gcc/avr/4.3.3/avr5\libgcc.a(_addsub_sf.o)
                              c:/winavr-20100110/bin/../lib/gcc/avr/4.3.3/avr5\libgcc.a(_fixunssfsi.o) (__subsf3)
c:/winavr-20100110/bin/../lib/gcc/avr/4.3.3/avr5\libgcc.a(_mul_sf.o)
                              ./timers.o (__mulsf3)
c:/winavr-20100110/bin/../lib/gcc/avr/4.3.3/avr5\libgcc.a(_ge_sf.o)
                              c:/winavr-20100110/bin/../lib/gcc/avr/4.3.3/avr5\libgcc.a(_fixunssfsi.o) (__gesf2)
c:/winavr-20100110/bin/../lib/gcc/avr/4.3.3/avr5\libgcc.a(_si_to_sf.o)
                              ./timers.o (__floatsisf)
c:/winavr-20100110/bin/../lib/gcc/avr/4.3.3/avr5\libgcc.a(_sf_to_si.o)
                              c:/winavr-20100110/bin/../lib/gcc/avr/4.3.3/avr5\libgcc.a(_fixunssfsi.o) (__fixsfsi)
c:/winavr-20100110/bin/../lib/gcc/avr/4.3.3/avr5\libgcc.a(_thenan_sf.o)
                              c:/winavr-20100110/bin/../lib/gcc/avr/4.3.3/avr5\libgcc.a(_addsub_sf.o) (__thenan_sf)
c:/winavr-20100110/bin/../lib/gcc/avr/4.3.3/avr5\libgcc.a(_udivmodhi4.o)
                              c:/winavr-20100110/bin/../lib/gcc/avr/4.3.3/avr5\libgcc.a(_divmodhi4.o) (__udivmodhi4)
c:/winavr-20100110/bin/../lib/gcc/avr/4.3.3/avr5\libgcc.a(_prologue.o)
                              c:/winavr-20100110/bin/../lib/gcc/avr/4.3.3/avr5\libgcc.a(_addsub_sf.o) (__prologue_saves__)
c:/winavr-20100110/bin/../lib/gcc/avr/4.3.3/avr5\libgcc.a(_epilogue.o)
                              c:/winavr-20100110/bin/../lib/gcc/avr/4.3.3/avr5\libgcc.a(_addsub_sf.o) (__epilogue_restores__)
c:/winavr-20100110/bin/../lib/gcc/avr/4.3.3/avr5\libgcc.a(_copy_data.o)
                              c:/winavr-20100110/bin/../lib/gcc/avr/4.3.3/avr5\libgcc.a(_thenan_sf.o) (__do_copy_data)
c:/winavr-20100110/bin/../lib/gcc/avr/4.3.3/avr5\libgcc.a(_clzsi2.o)
                              c:/winavr-20100110/bin/../lib/gcc/avr/4.3.3/avr5\libgcc.a(_si_to_sf.o) (__clzsi2)
c:/winavr-20100110/bin/../lib/gcc/avr/4.3.3/avr5\libgcc.a(_pack_sf.o)
                              c:/winavr-20100110/bin/../lib/gcc/avr/4.3.3/avr5\libgcc.a(_addsub_sf.o) (__pack_f)
c:/winavr-20100110/bin/../lib/gcc/avr/4.3.3/avr5\libgcc.a(_unpack_sf.o)
                              c:/winavr-20100110/bin/../lib/gcc/avr/4.3.3/avr5\libgcc.a(_addsub_sf.o) (__unpack_f)
c:/winavr-20100110/bin/../lib/gcc/avr/4.3.3/avr5\libgcc.a(_fpcmp_parts_sf.o)
                              c:/winavr-20100110/bin/../lib/gcc/avr/4.3.3/avr5\libgcc.a(_ge_sf.o) (__fpcmp_parts_f)
c:/winavr-20100110/bin/../lib/gcc/avr/4.3.3/avr5\libgcc.a(_clz.o)
                              c:/winavr-20100110/bin/../lib/gcc/avr/4.3.3/avr5\libgcc.a(_clzsi2.o) (__clz_tab)

Allocating common symbols
Common symbol       size              file

g8_global_distance  0x1               ./AGILE_REQ2.o
g8_SwICU_value      0x1               ./SwICU.o
g8_TCNT0_value_Swpwm_ISR
                    0x1               ./timers.o
g8_state            0x1               ./interrupt.o
g8_gloabal_car_duty
                    0x1               ./AGILE_REQ3.o

Memory Configuration

Name             Origin             Length             Attributes
text             0x00000000         0x00020000         xr
data             0x00800060         0x0000ffa0         rw !x
eeprom           0x00810000         0x00010000         rw !x
fuse             0x00820000         0x00000400         rw !x
lock             0x00830000         0x00000400         rw !x
signature        0x00840000         0x00000400         rw !x
*default*        0x00000000         0xffffffff

Linker script and memory map

LOAD c:/winavr-20100110/bin/../lib/gcc/avr/4.3.3/../../../../avr/lib/avr5/crtm16.o
LOAD ./AGILE_REQ2.o
LOAD ./AGILE_REQ3.o
LOAD ./AGILE_REQ4.o
LOAD ./GPIO_REQ15.o
LOAD ./GPIO_REQ7.o
LOAD ./GPIO_REQ8.o
LOAD ./GPIO_REQ9.o
LOAD ./ISRs.o
LOAD ./M1.o
LOAD ./SwICU.o
LOAD ./UART.o
LOAD ./US.o
LOAD ./dcMotor.o
LOAD ./gpio.o
LOAD ./interrupt.o
LOAD ./led.o
LOAD ./main.o
LOAD ./pushButton.o
LOAD ./sevenSeg.o
LOAD ./softwareDelay.o
LOAD ./timers.o
LOAD c:/winavr-20100110/bin/../lib/gcc/avr/4.3.3/avr5\libgcc.a
LOAD c:/winavr-20100110/bin/../lib/gcc/avr/4.3.3/../../../../avr/lib/avr5\libc.a
LOAD c:/winavr-20100110/bin/../lib/gcc/avr/4.3.3/avr5\libgcc.a

.hash
 *(.hash)

.dynsym
 *(.dynsym)

.dynstr
 *(.dynstr)

.gnu.version
 *(.gnu.version)

.gnu.version_d
 *(.gnu.version_d)

.gnu.version_r
 *(.gnu.version_r)

.rel.init
 *(.rel.init)

.rela.init
 *(.rela.init)

.rel.text
 *(.rel.text)
 *(.rel.text.*)
 *(.rel.gnu.linkonce.t*)

.rela.text
 *(.rela.text)
 *(.rela.text.*)
 *(.rela.gnu.linkonce.t*)

.rel.fini
 *(.rel.fini)

.rela.fini
 *(.rela.fini)

.rel.rodata
 *(.rel.rodata)
 *(.rel.rodata.*)
 *(.rel.gnu.linkonce.r*)

.rela.rodata
 *(.rela.rodata)
 *(.rela.rodata.*)
 *(.rela.gnu.linkonce.r*)

.rel.data
 *(.rel.data)
 *(.rel.data.*)
 *(.rel.gnu.linkonce.d*)

.rela.data
 *(.rela.data)
 *(.rela.data.*)
 *(.rela.gnu.linkonce.d*)

.rel.ctors
 *(.rel.ctors)

.rela.ctors
 *(.rela.ctors)

.rel.dtors
 *(.rel.dtors)

.rela.dtors
 *(.rela.dtors)

.rel.got
 *(.rel.got)

.rela.got
 *(.rela.got)

.rel.bss
 *(.rel.bss)

.rela.bss
 *(.rela.bss)

.rel.plt
 *(.rel.plt)

.rela.plt
 *(.rela.plt)

.text           0x00000000     0x33ac
 *(.vectors)
 .vectors       0x00000000       0x54 c:/winavr-20100110/bin/../lib/gcc/avr/4.3.3/../../../../avr/lib/avr5/crtm16.o
                0x00000000                __vectors
                0x00000000                __vector_default
 *(.vectors)
 *(.progmem.gcc*)
 *(.progmem*)
                0x00000054                . = ALIGN (0x2)
                0x00000054                __trampolines_start = .
 *(.trampolines)
 .trampolines   0x00000054        0x0 linker stubs
 *(.trampolines*)
                0x00000054                __trampolines_end = .
 *(.jumptables)
 *(.jumptables*)
 *(.lowtext)
 *(.lowtext*)
                0x00000054                __ctors_start = .
 *(.ctors)
                0x00000054                __ctors_end = .
                0x00000054                __dtors_start = .
 *(.dtors)
                0x00000054                __dtors_end = .
 SORT(*)(.ctors)
 SORT(*)(.dtors)
 *(.init0)
 .init0         0x00000054        0x0 c:/winavr-20100110/bin/../lib/gcc/avr/4.3.3/../../../../avr/lib/avr5/crtm16.o
                0x00000054                __init
 *(.init0)
 *(.init1)
 *(.init1)
 *(.init2)
 .init2         0x00000054        0xc c:/winavr-20100110/bin/../lib/gcc/avr/4.3.3/../../../../avr/lib/avr5/crtm16.o
 *(.init2)
 *(.init3)
 *(.init3)
 *(.init4)
 .init4         0x00000060       0x10 c:/winavr-20100110/bin/../lib/gcc/avr/4.3.3/avr5\libgcc.a(_clear_bss.o)
                0x00000060                __do_clear_bss
 .init4         0x00000070       0x16 c:/winavr-20100110/bin/../lib/gcc/avr/4.3.3/avr5\libgcc.a(_copy_data.o)
                0x00000070                __do_copy_data
 *(.init4)
 *(.init5)
 *(.init5)
 *(.init6)
 *(.init6)
 *(.init7)
 *(.init7)
 *(.init8)
 *(.init8)
 *(.init9)
 .init9         0x00000086        0x8 c:/winavr-20100110/bin/../lib/gcc/avr/4.3.3/../../../../avr/lib/avr5/crtm16.o
 *(.init9)
 *(.text)
 .text          0x0000008e        0x4 c:/winavr-20100110/bin/../lib/gcc/avr/4.3.3/../../../../avr/lib/avr5/crtm16.o
                0x0000008e                __vector_12
                0x0000008e                __bad_interrupt
                0x0000008e                __vector_6
                0x0000008e                __vector_3
                0x0000008e                __vector_11
                0x0000008e                __vector_13
                0x0000008e                __vector_17
                0x0000008e                __vector_19
                0x0000008e                __vector_7
                0x0000008e                __vector_5
                0x0000008e                __vector_4
                0x0000008e                __vector_9
                0x0000008e                __vector_2
                0x0000008e                __vector_15
                0x0000008e                __vector_8
                0x0000008e                __vector_14
                0x0000008e                __vector_10
                0x0000008e                __vector_16
                0x0000008e                __vector_18
                0x0000008e                __vector_20
 .text          0x00000092        0x0 ./AGILE_REQ2.o
 .text          0x00000092        0x0 ./AGILE_REQ3.o
 .text          0x00000092        0x0 ./AGILE_REQ4.o
 .text          0x00000092        0x0 ./GPIO_REQ15.o
 .text          0x00000092        0x0 ./GPIO_REQ7.o
 .text          0x00000092        0x0 ./GPIO_REQ8.o
 .text          0x00000092        0x0 ./GPIO_REQ9.o
 .text          0x00000092        0x0 ./ISRs.o
 .text          0x00000092        0x0 ./M1.o
 .text          0x00000092        0x0 ./SwICU.o
 .text          0x00000092        0x0 ./UART.o
 .text          0x00000092        0x0 ./US.o
 .text          0x00000092        0x0 ./dcMotor.o
 .text          0x00000092        0x0 ./gpio.o
 .text          0x00000092        0x0 ./interrupt.o
 .text          0x00000092        0x0 ./led.o
 .text          0x00000092        0x0 ./main.o
 .text          0x00000092        0x0 ./pushButton.o
 .text          0x00000092        0x0 ./sevenSeg.o
 .text          0x00000092        0x0 ./softwareDelay.o
 .text          0x00000092        0x0 ./timers.o
 .text          0x00000092        0x0 c:/winavr-20100110/bin/../lib/gcc/avr/4.3.3/avr5\libgcc.a(_udivmodqi4.o)
 .text          0x00000092        0x0 c:/winavr-20100110/bin/../lib/gcc/avr/4.3.3/avr5\libgcc.a(_divmodhi4.o)
 .text          0x00000092        0x0 c:/winavr-20100110/bin/../lib/gcc/avr/4.3.3/avr5\libgcc.a(_exit.o)
 .text          0x00000092        0x0 c:/winavr-20100110/bin/../lib/gcc/avr/4.3.3/avr5\libgcc.a(_clear_bss.o)
 .text          0x00000092       0x58 c:/winavr-20100110/bin/../lib/gcc/avr/4.3.3/avr5\libgcc.a(_fixunssfsi.o)
                0x00000092                __fixunssfsi
 .text          0x000000ea      0x354 c:/winavr-20100110/bin/../lib/gcc/avr/4.3.3/avr5\libgcc.a(_addsub_sf.o)
                0x00000382                __subsf3
                0x000003e4                __addsf3
 .text          0x0000043e      0x1f4 c:/winavr-20100110/bin/../lib/gcc/avr/4.3.3/avr5\libgcc.a(_mul_sf.o)
                0x0000043e                __mulsf3
 .text          0x00000632       0x60 c:/winavr-20100110/bin/../lib/gcc/avr/4.3.3/avr5\libgcc.a(_ge_sf.o)
                0x00000632                __gesf2
 .text          0x00000692       0xbc c:/winavr-20100110/bin/../lib/gcc/avr/4.3.3/avr5\libgcc.a(_si_to_sf.o)
                0x00000692                __floatsisf
 .text          0x0000074e       0xa8 c:/winavr-20100110/bin/../lib/gcc/avr/4.3.3/avr5\libgcc.a(_sf_to_si.o)
                0x0000074e                __fixsfsi
 .text          0x000007f6        0x0 c:/winavr-20100110/bin/../lib/gcc/avr/4.3.3/avr5\libgcc.a(_thenan_sf.o)
 .text          0x000007f6        0x0 c:/winavr-20100110/bin/../lib/gcc/avr/4.3.3/avr5\libgcc.a(_udivmodhi4.o)
 .text          0x000007f6        0x0 c:/winavr-20100110/bin/../lib/gcc/avr/4.3.3/avr5\libgcc.a(_prologue.o)
 .text          0x000007f6        0x0 c:/winavr-20100110/bin/../lib/gcc/avr/4.3.3/avr5\libgcc.a(_epilogue.o)
 .text          0x000007f6        0x0 c:/winavr-20100110/bin/../lib/gcc/avr/4.3.3/avr5\libgcc.a(_copy_data.o)
 .text          0x000007f6       0x9e c:/winavr-20100110/bin/../lib/gcc/avr/4.3.3/avr5\libgcc.a(_clzsi2.o)
                0x000007f6                __clzsi2
 .text          0x00000894      0x1aa c:/winavr-20100110/bin/../lib/gcc/avr/4.3.3/avr5\libgcc.a(_pack_sf.o)
                0x00000894                __pack_f
 .text          0x00000a3e       0xf0 c:/winavr-20100110/bin/../lib/gcc/avr/4.3.3/avr5\libgcc.a(_unpack_sf.o)
                0x00000a3e                __unpack_f
 .text          0x00000b2e       0xb2 c:/winavr-20100110/bin/../lib/gcc/avr/4.3.3/avr5\libgcc.a(_fpcmp_parts_sf.o)
                0x00000b2e                __fpcmp_parts_f
 .text          0x00000be0        0x0 c:/winavr-20100110/bin/../lib/gcc/avr/4.3.3/avr5\libgcc.a(_clz.o)
                0x00000be0                . = ALIGN (0x2)
 *(.text.*)
 .text.ultrasonic_sensor_start
                0x00000be0       0x36 ./AGILE_REQ2.o
                0x00000be0                ultrasonic_sensor_start
 .text.car_application_with_phase_correct
                0x00000c16       0xf6 ./AGILE_REQ3.o
                0x00000c16                car_application_with_phase_correct
 .text.car_with_ultrasonic
                0x00000d0c      0x122 ./AGILE_REQ4.o
                0x00000d0c                car_with_ultrasonic
 .text.car_application
                0x00000e2e       0xf6 ./GPIO_REQ15.o
                0x00000e2e                car_application
 .text.sevensegments
                0x00000f24       0xa4 ./GPIO_REQ7.o
                0x00000f24                sevensegments
 .text.button_led
                0x00000fc8       0x9c ./GPIO_REQ8.o
                0x00000fc8                button_led
 .text.button_led_using_timer0
                0x00001064       0x94 ./GPIO_REQ8.o
                0x00001064                button_led_using_timer0
 .text.trafficlight
                0x000010f8       0xa4 ./GPIO_REQ9.o
                0x000010f8                trafficlight
 .text.trafficlight_using_timer0
                0x0000119c       0x98 ./GPIO_REQ9.o
                0x0000119c                trafficlight_using_timer0
 .text.trafficlight_using_timer1
                0x00001234       0x98 ./GPIO_REQ9.o
                0x00001234                trafficlight_using_timer1
 .text.trafficlight_using_timer0_using_interrupts
                0x000012cc       0x3c ./GPIO_REQ9.o
                0x000012cc                trafficlight_using_timer0_using_interrupts
 .text.trafficlight_using_timer0_using_interrupts_button
                0x00001308       0x50 ./GPIO_REQ9.o
                0x00001308                trafficlight_using_timer0_using_interrupts_button
 .text.__vector_1
                0x00001358       0xf0 ./ISRs.o
                0x00001358                __vector_1
 .text.SwICU_Init
                0x00001448       0x32 ./SwICU.o
                0x00001448                SwICU_Init
 .text.SwICU_SetCfgEdge
                0x0000147a       0x14 ./SwICU.o
                0x0000147a                SwICU_SetCfgEdge
 .text.SwICU_Read
                0x0000148e       0x22 ./SwICU.o
                0x0000148e                SwICU_Read
 .text.SwICU_Start
                0x000014b0       0x26 ./SwICU.o
                0x000014b0                SwICU_Start
 .text.SwICU_Stop
                0x000014d6       0x12 ./SwICU.o
                0x000014d6                SwICU_Stop
 .text.SwICU_Enable
                0x000014e8        0xe ./SwICU.o
                0x000014e8                SwICU_Enable
 .text.SwICU_Disable
                0x000014f6       0x1c ./SwICU.o
                0x000014f6                SwICU_Disable
 .text.UART_init
                0x00001512       0xb6 ./UART.o
                0x00001512                UART_init
 .text.UART_sendByte
                0x000015c8       0x2e ./UART.o
                0x000015c8                UART_sendByte
 .text.UART_recieveByte
                0x000015f6       0x1e ./UART.o
                0x000015f6                UART_recieveByte
 .text.UART_sendString
                0x00001614       0x52 ./UART.o
                0x00001614                UART_sendString
 .text.UART_receiveString
                0x00001666       0x86 ./UART.o
                0x00001666                UART_receiveString
 .text.US_init  0x000016ec       0x28 ./US.o
                0x000016ec                US_init
 .text.US_triger
                0x00001714       0x38 ./US.o
                0x00001714                US_triger
 .text.US_start
                0x0000174c       0x12 ./US.o
                0x0000174c                US_start
 .text.US_stop  0x0000175e       0x12 ./US.o
                0x0000175e                US_stop
 .text.US_get_reading
                0x00001770       0x36 ./US.o
                0x00001770                US_get_reading
 .text.US_deinit
                0x000017a6        0xe ./US.o
                0x000017a6                US_deinit
 .text.MotorDC_Init
                0x000017b4       0xb2 ./dcMotor.o
                0x000017b4                MotorDC_Init
 .text.MotorDC_Dir
                0x00001866      0x118 ./dcMotor.o
                0x00001866                MotorDC_Dir
 .text.MotorDC_Speed_PollingWithT0
                0x0000197e       0x1c ./dcMotor.o
                0x0000197e                MotorDC_Speed_PollingWithT0
 .text.MotorDC_Speed_HwPWM
                0x0000199a       0x1c ./dcMotor.o
                0x0000199a                MotorDC_Speed_HwPWM
 .text.gpioPortDirection
                0x000019b6       0x82 ./gpio.o
                0x000019b6                gpioPortDirection
 .text.gpioPortWrite
                0x00001a38       0x82 ./gpio.o
                0x00001a38                gpioPortWrite
 .text.gpioPortToggle
                0x00001aba       0x96 ./gpio.o
                0x00001aba                gpioPortToggle
 .text.gpioPortRead
                0x00001b50       0x82 ./gpio.o
                0x00001b50                gpioPortRead
 .text.gpioPinDirection
                0x00001bd2      0x11a ./gpio.o
                0x00001bd2                gpioPinDirection
 .text.gpioPinWrite
                0x00001cec       0xf8 ./gpio.o
                0x00001cec                gpioPinWrite
 .text.gpioPinToggle
                0x00001de4       0xa2 ./gpio.o
                0x00001de4                gpioPinToggle
 .text.gpioPinRead
                0x00001e86       0xa2 ./gpio.o
                0x00001e86                gpioPinRead
 .text.INT0_Init
                0x00001f28       0x98 ./interrupt.o
                0x00001f28                INT0_Init
 .text.INT0_DeInit
                0x00001fc0       0x2c ./interrupt.o
                0x00001fc0                INT0_DeInit
 .text.INT1_Init
                0x00001fec       0x98 ./interrupt.o
                0x00001fec                INT1_Init
 .text.INT1_DeInit
                0x00002084       0x2e ./interrupt.o
                0x00002084                INT1_DeInit
 .text.INT2_Init
                0x000020b2       0x98 ./interrupt.o
                0x000020b2                INT2_Init
 .text.INT2_DeInit
                0x0000214a       0x2e ./interrupt.o
                0x0000214a                INT2_DeInit
 .text.Led_Init
                0x00002178       0xae ./led.o
                0x00002178                Led_Init
 .text.Led_On   0x00002226       0x86 ./led.o
                0x00002226                Led_On
 .text.Led_Off  0x000022ac       0x86 ./led.o
                0x000022ac                Led_Off
 .text.Led_Toggle
                0x00002332       0x8a ./led.o
                0x00002332                Led_Toggle
 .text.main     0x000023bc       0x70 ./main.o
                0x000023bc                main
 .text.pushButtonInit
                0x0000242c       0x9c ./pushButton.o
                0x0000242c                pushButtonInit
 .text.pushButtonGetStatus
                0x000024c8      0x166 ./pushButton.o
                0x000024c8                pushButtonGetStatus
 .text.sevenSegInit
                0x0000262e       0x8a ./sevenSeg.o
                0x0000262e                sevenSegInit
 .text.sevenSegEnable
                0x000026b8       0x4e ./sevenSeg.o
                0x000026b8                sevenSegEnable
 .text.sevenSegDisable
                0x00002706       0x4e ./sevenSeg.o
                0x00002706                sevenSegDisable
 .text.sevenSegWrite
                0x00002754       0x66 ./sevenSeg.o
                0x00002754                sevenSegWrite
 .text.softwareDelayMs
                0x000027ba       0xa0 ./softwareDelay.o
                0x000027ba                softwareDelayMs
 .text.timer0Init
                0x0000285a       0xa6 ./timers.o
                0x0000285a                timer0Init
 .text.timer0Set
                0x00002900       0x1c ./timers.o
                0x00002900                timer0Set
 .text.timer0Read
                0x0000291c       0x1c ./timers.o
                0x0000291c                timer0Read
 .text.timer0Start
                0x00002938       0x16 ./timers.o
                0x00002938                timer0Start
 .text.timer0Stop
                0x0000294e       0x14 ./timers.o
                0x0000294e                timer0Stop
 .text.timer0DelayMs
                0x00002962       0x6e ./timers.o
                0x00002962                timer0DelayMs
 .text.timer0DelayMs_with_interrupt
                0x000029d0       0x34 ./timers.o
                0x000029d0                timer0DelayMs_with_interrupt
 .text.timer0DelayUs
                0x00002a04       0x8a ./timers.o
                0x00002a04                timer0DelayUs
 .text.timer0HwPWM_Fast
                0x00002a8e       0xc0 ./timers.o
                0x00002a8e                timer0HwPWM_Fast
 .text.timer0HwPWM_PhaseCorrect
                0x00002b4e       0xc0 ./timers.o
                0x00002b4e                timer0HwPWM_PhaseCorrect
 .text.timer0SwPWM
                0x00002c0e      0x11c ./timers.o
                0x00002c0e                timer0SwPWM
 .text.timer1Init
                0x00002d2a      0x14a ./timers.o
                0x00002d2a                timer1Init
 .text.timer1Set
                0x00002e74       0x2e ./timers.o
                0x00002e74                timer1Set
 .text.timer1Read
                0x00002ea2       0x24 ./timers.o
                0x00002ea2                timer1Read
 .text.timer1Start
                0x00002ec6       0x16 ./timers.o
                0x00002ec6                timer1Start
 .text.timer1Stop
                0x00002edc       0x14 ./timers.o
                0x00002edc                timer1Stop
 .text.timer1DelayMs
                0x00002ef0       0x92 ./timers.o
                0x00002ef0                timer1DelayMs
 .text.timer1DelayUs
                0x00002f82       0xae ./timers.o
                0x00002f82                timer1DelayUs
 .text.timer1HwPWM_Fast
                0x00003030      0x152 ./timers.o
                0x00003030                timer1HwPWM_Fast
 .text.timer1HwPWM_PhaseCorrect
                0x00003182      0x152 ./timers.o
                0x00003182                timer1HwPWM_PhaseCorrect
 .text.libgcc   0x000032d4       0x18 c:/winavr-20100110/bin/../lib/gcc/avr/4.3.3/avr5\libgcc.a(_udivmodqi4.o)
                0x000032d4                __udivmodqi4
 .text.libgcc   0x000032ec       0x26 c:/winavr-20100110/bin/../lib/gcc/avr/4.3.3/avr5\libgcc.a(_divmodhi4.o)
                0x000032ec                __divmodhi4
                0x000032ec                _div
 .text.libgcc   0x00003312        0x0 c:/winavr-20100110/bin/../lib/gcc/avr/4.3.3/avr5\libgcc.a(_exit.o)
 .text.libgcc   0x00003312        0x0 c:/winavr-20100110/bin/../lib/gcc/avr/4.3.3/avr5\libgcc.a(_clear_bss.o)
 .text.libgcc   0x00003312       0x28 c:/winavr-20100110/bin/../lib/gcc/avr/4.3.3/avr5\libgcc.a(_udivmodhi4.o)
                0x00003312                __udivmodhi4
 .text.libgcc   0x0000333a       0x38 c:/winavr-20100110/bin/../lib/gcc/avr/4.3.3/avr5\libgcc.a(_prologue.o)
                0x0000333a                __prologue_saves__
 .text.libgcc   0x00003372       0x36 c:/winavr-20100110/bin/../lib/gcc/avr/4.3.3/avr5\libgcc.a(_epilogue.o)
                0x00003372                __epilogue_restores__
 .text.libgcc   0x000033a8        0x0 c:/winavr-20100110/bin/../lib/gcc/avr/4.3.3/avr5\libgcc.a(_copy_data.o)
                0x000033a8                . = ALIGN (0x2)
 *(.fini9)
 .fini9         0x000033a8        0x0 c:/winavr-20100110/bin/../lib/gcc/avr/4.3.3/avr5\libgcc.a(_exit.o)
                0x000033a8                exit
                0x000033a8                _exit
 *(.fini9)
 *(.fini8)
 *(.fini8)
 *(.fini7)
 *(.fini7)
 *(.fini6)
 *(.fini6)
 *(.fini5)
 *(.fini5)
 *(.fini4)
 *(.fini4)
 *(.fini3)
 *(.fini3)
 *(.fini2)
 *(.fini2)
 *(.fini1)
 *(.fini1)
 *(.fini0)
 .fini0         0x000033a8        0x4 c:/winavr-20100110/bin/../lib/gcc/avr/4.3.3/avr5\libgcc.a(_exit.o)
 *(.fini0)
                0x000033ac                _etext = .

.data           0x00800060      0x108 load address 0x000033ac
                0x00800060                PROVIDE (__data_start, .)
 *(.data)
 .data          0x00800060        0x0 c:/winavr-20100110/bin/../lib/gcc/avr/4.3.3/../../../../avr/lib/avr5/crtm16.o
 .data          0x00800060        0x0 ./AGILE_REQ2.o
 .data          0x00800060        0x0 ./AGILE_REQ3.o
 .data          0x00800060        0x0 ./AGILE_REQ4.o
 .data          0x00800060        0x0 ./GPIO_REQ15.o
 .data          0x00800060        0x0 ./GPIO_REQ7.o
 .data          0x00800060        0x0 ./GPIO_REQ8.o
 .data          0x00800060        0x0 ./GPIO_REQ9.o
 .data          0x00800060        0x0 ./ISRs.o
 .data          0x00800060        0x0 ./M1.o
 .data          0x00800060        0x0 ./SwICU.o
 .data          0x00800060        0x0 ./UART.o
 .data          0x00800060        0x0 ./US.o
 .data          0x00800060        0x0 ./dcMotor.o
 .data          0x00800060        0x0 ./gpio.o
 .data          0x00800060        0x0 ./interrupt.o
 .data          0x00800060        0x0 ./led.o
 .data          0x00800060        0x0 ./main.o
 .data          0x00800060        0x0 ./pushButton.o
 .data          0x00800060        0x0 ./sevenSeg.o
 .data          0x00800060        0x0 ./softwareDelay.o
 .data          0x00800060        0x0 ./timers.o
 .data          0x00800060        0x0 c:/winavr-20100110/bin/../lib/gcc/avr/4.3.3/avr5\libgcc.a(_udivmodqi4.o)
 .data          0x00800060        0x0 c:/winavr-20100110/bin/../lib/gcc/avr/4.3.3/avr5\libgcc.a(_divmodhi4.o)
 .data          0x00800060        0x0 c:/winavr-20100110/bin/../lib/gcc/avr/4.3.3/avr5\libgcc.a(_exit.o)
 .data          0x00800060        0x0 c:/winavr-20100110/bin/../lib/gcc/avr/4.3.3/avr5\libgcc.a(_clear_bss.o)
 .data          0x00800060        0x0 c:/winavr-20100110/bin/../lib/gcc/avr/4.3.3/avr5\libgcc.a(_fixunssfsi.o)
 .data          0x00800060        0x0 c:/winavr-20100110/bin/../lib/gcc/avr/4.3.3/avr5\libgcc.a(_addsub_sf.o)
 .data          0x00800060        0x0 c:/winavr-20100110/bin/../lib/gcc/avr/4.3.3/avr5\libgcc.a(_mul_sf.o)
 .data          0x00800060        0x0 c:/winavr-20100110/bin/../lib/gcc/avr/4.3.3/avr5\libgcc.a(_ge_sf.o)
 .data          0x00800060        0x0 c:/winavr-20100110/bin/../lib/gcc/avr/4.3.3/avr5\libgcc.a(_si_to_sf.o)
 .data          0x00800060        0x0 c:/winavr-20100110/bin/../lib/gcc/avr/4.3.3/avr5\libgcc.a(_sf_to_si.o)
 .data          0x00800060        0x8 c:/winavr-20100110/bin/../lib/gcc/avr/4.3.3/avr5\libgcc.a(_thenan_sf.o)
                0x00800060                __thenan_sf
 .data          0x00800068        0x0 c:/winavr-20100110/bin/../lib/gcc/avr/4.3.3/avr5\libgcc.a(_udivmodhi4.o)
 .data          0x00800068        0x0 c:/winavr-20100110/bin/../lib/gcc/avr/4.3.3/avr5\libgcc.a(_prologue.o)
 .data          0x00800068        0x0 c:/winavr-20100110/bin/../lib/gcc/avr/4.3.3/avr5\libgcc.a(_epilogue.o)
 .data          0x00800068        0x0 c:/winavr-20100110/bin/../lib/gcc/avr/4.3.3/avr5\libgcc.a(_copy_data.o)
 .data          0x00800068        0x0 c:/winavr-20100110/bin/../lib/gcc/avr/4.3.3/avr5\libgcc.a(_clzsi2.o)
 .data          0x00800068        0x0 c:/winavr-20100110/bin/../lib/gcc/avr/4.3.3/avr5\libgcc.a(_pack_sf.o)
 .data          0x00800068        0x0 c:/winavr-20100110/bin/../lib/gcc/avr/4.3.3/avr5\libgcc.a(_unpack_sf.o)
 .data          0x00800068        0x0 c:/winavr-20100110/bin/../lib/gcc/avr/4.3.3/avr5\libgcc.a(_fpcmp_parts_sf.o)
 .data          0x00800068      0x100 c:/winavr-20100110/bin/../lib/gcc/avr/4.3.3/avr5\libgcc.a(_clz.o)
                0x00800068                __clz_tab
 *(.data*)
 *(.rodata)
 *(.rodata*)
 *(.gnu.linkonce.d*)
                0x00800168                . = ALIGN (0x2)
                0x00800168                _edata = .
                0x00800168                PROVIDE (__data_end, .)

.bss            0x00800168        0x8
                0x00800168                PROVIDE (__bss_start, .)
 *(.bss)
 .bss           0x00800168        0x0 c:/winavr-20100110/bin/../lib/gcc/avr/4.3.3/../../../../avr/lib/avr5/crtm16.o
 .bss           0x00800168        0x0 ./AGILE_REQ2.o
 .bss           0x00800168        0x0 ./AGILE_REQ3.o
 .bss           0x00800168        0x0 ./AGILE_REQ4.o
 .bss           0x00800168        0x0 ./GPIO_REQ15.o
 .bss           0x00800168        0x0 ./GPIO_REQ7.o
 .bss           0x00800168        0x0 ./GPIO_REQ8.o
 .bss           0x00800168        0x0 ./GPIO_REQ9.o
 .bss           0x00800168        0x0 ./ISRs.o
 .bss           0x00800168        0x0 ./M1.o
 .bss           0x00800168        0x0 ./SwICU.o
 .bss           0x00800168        0x0 ./UART.o
 .bss           0x00800168        0x0 ./US.o
 .bss           0x00800168        0x0 ./dcMotor.o
 .bss           0x00800168        0x0 ./gpio.o
 .bss           0x00800168        0x0 ./interrupt.o
 .bss           0x00800168        0x0 ./led.o
 .bss           0x00800168        0x0 ./main.o
 .bss           0x00800168        0x0 ./pushButton.o
 .bss           0x00800168        0x0 ./sevenSeg.o
 .bss           0x00800168        0x0 ./softwareDelay.o
 .bss           0x00800168        0x0 ./timers.o
 .bss           0x00800168        0x0 c:/winavr-20100110/bin/../lib/gcc/avr/4.3.3/avr5\libgcc.a(_udivmodqi4.o)
 .bss           0x00800168        0x0 c:/winavr-20100110/bin/../lib/gcc/avr/4.3.3/avr5\libgcc.a(_divmodhi4.o)
 .bss           0x00800168        0x0 c:/winavr-20100110/bin/../lib/gcc/avr/4.3.3/avr5\libgcc.a(_exit.o)
 .bss           0x00800168        0x0 c:/winavr-20100110/bin/../lib/gcc/avr/4.3.3/avr5\libgcc.a(_clear_bss.o)
 .bss           0x00800168        0x0 c:/winavr-20100110/bin/../lib/gcc/avr/4.3.3/avr5\libgcc.a(_fixunssfsi.o)
 .bss           0x00800168        0x0 c:/winavr-20100110/bin/../lib/gcc/avr/4.3.3/avr5\libgcc.a(_addsub_sf.o)
 .bss           0x00800168        0x0 c:/winavr-20100110/bin/../lib/gcc/avr/4.3.3/avr5\libgcc.a(_mul_sf.o)
 .bss           0x00800168        0x0 c:/winavr-20100110/bin/../lib/gcc/avr/4.3.3/avr5\libgcc.a(_ge_sf.o)
 .bss           0x00800168        0x0 c:/winavr-20100110/bin/../lib/gcc/avr/4.3.3/avr5\libgcc.a(_si_to_sf.o)
 .bss           0x00800168        0x0 c:/winavr-20100110/bin/../lib/gcc/avr/4.3.3/avr5\libgcc.a(_sf_to_si.o)
 .bss           0x00800168        0x0 c:/winavr-20100110/bin/../lib/gcc/avr/4.3.3/avr5\libgcc.a(_thenan_sf.o)
 .bss           0x00800168        0x0 c:/winavr-20100110/bin/../lib/gcc/avr/4.3.3/avr5\libgcc.a(_udivmodhi4.o)
 .bss           0x00800168        0x0 c:/winavr-20100110/bin/../lib/gcc/avr/4.3.3/avr5\libgcc.a(_prologue.o)
 .bss           0x00800168        0x0 c:/winavr-20100110/bin/../lib/gcc/avr/4.3.3/avr5\libgcc.a(_epilogue.o)
 .bss           0x00800168        0x0 c:/winavr-20100110/bin/../lib/gcc/avr/4.3.3/avr5\libgcc.a(_copy_data.o)
 .bss           0x00800168        0x0 c:/winavr-20100110/bin/../lib/gcc/avr/4.3.3/avr5\libgcc.a(_clzsi2.o)
 .bss           0x00800168        0x0 c:/winavr-20100110/bin/../lib/gcc/avr/4.3.3/avr5\libgcc.a(_pack_sf.o)
 .bss           0x00800168        0x0 c:/winavr-20100110/bin/../lib/gcc/avr/4.3.3/avr5\libgcc.a(_unpack_sf.o)
 .bss           0x00800168        0x0 c:/winavr-20100110/bin/../lib/gcc/avr/4.3.3/avr5\libgcc.a(_fpcmp_parts_sf.o)
 .bss           0x00800168        0x0 c:/winavr-20100110/bin/../lib/gcc/avr/4.3.3/avr5\libgcc.a(_clz.o)
 *(.bss*)
 .bss.g8_gloabal_int0_flag
                0x00800168        0x1 ./ISRs.o
                0x00800168                g8_gloabal_int0_flag
 .bss.u8_local_int0_flag
                0x00800169        0x1 ./ISRs.o
                0x00800169                u8_local_int0_flag
 .bss.g8_interrupt_zero_flag
                0x0080016a        0x1 ./interrupt.o
                0x0080016a                g8_interrupt_zero_flag
 *(COMMON)
 COMMON         0x0080016b        0x1 ./AGILE_REQ2.o
                0x0080016b                g8_global_distance
 COMMON         0x0080016c        0x1 ./AGILE_REQ3.o
                0x0080016c                g8_gloabal_car_duty
 COMMON         0x0080016d        0x1 ./SwICU.o
                0x0080016d                g8_SwICU_value
 COMMON         0x0080016e        0x1 ./interrupt.o
                0x0080016e                g8_state
 COMMON         0x0080016f        0x1 ./timers.o
                0x0080016f                g8_TCNT0_value_Swpwm_ISR
                0x00800170                PROVIDE (__bss_end, .)
                0x000033ac                __data_load_start = LOADADDR (.data)
                0x000034b4                __data_load_end = (__data_load_start + SIZEOF (.data))

.noinit         0x00800170        0x0
                0x00800170                PROVIDE (__noinit_start, .)
 *(.noinit*)
                0x00800170                PROVIDE (__noinit_end, .)
                0x00800170                _end = .
                0x00800170                PROVIDE (__heap_start, .)

.eeprom         0x00810000        0x0
 *(.eeprom*)
                0x00810000                __eeprom_end = .

.fuse
 *(.fuse)
 *(.lfuse)
 *(.hfuse)
 *(.efuse)

.lock
 *(.lock*)

.signature
 *(.signature*)

.stab           0x00000000     0x4d1c
 *(.stab)
 .stab          0x00000000      0x4bc ./AGILE_REQ2.o
 .stab          0x000004bc      0x33c ./AGILE_REQ3.o
                                0x5b8 (size before relaxing)
 .stab          0x000007f8      0x360 ./AGILE_REQ4.o
                                0x678 (size before relaxing)
 .stab          0x00000b58      0x2f4 ./GPIO_REQ15.o
                                0x5b8 (size before relaxing)
 .stab          0x00000e4c      0x2f4 ./GPIO_REQ7.o
                                0x570 (size before relaxing)
 .stab          0x00001140      0x318 ./GPIO_REQ8.o
                                0x5dc (size before relaxing)
 .stab          0x00001458      0x57c ./GPIO_REQ9.o
                                0x8a0 (size before relaxing)
 .stab          0x000019d4      0x24c ./ISRs.o
                                0x528 (size before relaxing)
 .stab          0x00001c20       0xd8 ./M1.o
                                 0xe4 (size before relaxing)
 .stab          0x00001cf8      0x2ac ./SwICU.o
                                0x558 (size before relaxing)
 .stab          0x00001fa4      0x48c ./UART.o
                                0x540 (size before relaxing)
 .stab          0x00002430      0x300 ./US.o
                                0x5e8 (size before relaxing)
 .stab          0x00002730      0x348 ./dcMotor.o
                                0x5e8 (size before relaxing)
 .stab          0x00002a78      0x5b8 ./gpio.o
                                0x66c (size before relaxing)
 .stab          0x00003030      0x3d8 ./interrupt.o
                                0x684 (size before relaxing)
 .stab          0x00003408      0x2e8 ./led.o
                                0x3c0 (size before relaxing)
 .stab          0x000036f0      0x2a0 ./main.o
                                0x7ec (size before relaxing)
 .stab          0x00003990      0x30c ./pushButton.o
                                0x5ac (size before relaxing)
 .stab          0x00003c9c      0x2b8 ./sevenSeg.o
                                0x390 (size before relaxing)
 .stab          0x00003f54      0x18c ./softwareDelay.o
                                0x3f0 (size before relaxing)
 .stab          0x000040e0      0xc3c ./timers.o
                                0xea0 (size before relaxing)

.stabstr        0x00000000     0x2af8
 *(.stabstr)
 .stabstr       0x00000000     0x2af8 ./AGILE_REQ2.o

.stab.excl
 *(.stab.excl)

.stab.exclstr
 *(.stab.exclstr)

.stab.index
 *(.stab.index)

.stab.indexstr
 *(.stab.indexstr)

.comment
 *(.comment)

.debug
 *(.debug)

.line
 *(.line)

.debug_srcinfo
 *(.debug_srcinfo)

.debug_sfnames
 *(.debug_sfnames)

.debug_aranges  0x00000000      0x140
 *(.debug_aranges)
 .debug_aranges
                0x00000000       0x20 c:/winavr-20100110/bin/../lib/gcc/avr/4.3.3/avr5\libgcc.a(_fixunssfsi.o)
 .debug_aranges
                0x00000020       0x20 c:/winavr-20100110/bin/../lib/gcc/avr/4.3.3/avr5\libgcc.a(_addsub_sf.o)
 .debug_aranges
                0x00000040       0x20 c:/winavr-20100110/bin/../lib/gcc/avr/4.3.3/avr5\libgcc.a(_mul_sf.o)
 .debug_aranges
                0x00000060       0x20 c:/winavr-20100110/bin/../lib/gcc/avr/4.3.3/avr5\libgcc.a(_ge_sf.o)
 .debug_aranges
                0x00000080       0x20 c:/winavr-20100110/bin/../lib/gcc/avr/4.3.3/avr5\libgcc.a(_si_to_sf.o)
 .debug_aranges
                0x000000a0       0x20 c:/winavr-20100110/bin/../lib/gcc/avr/4.3.3/avr5\libgcc.a(_sf_to_si.o)
 .debug_aranges
                0x000000c0       0x20 c:/winavr-20100110/bin/../lib/gcc/avr/4.3.3/avr5\libgcc.a(_clzsi2.o)
 .debug_aranges
                0x000000e0       0x20 c:/winavr-20100110/bin/../lib/gcc/avr/4.3.3/avr5\libgcc.a(_pack_sf.o)
 .debug_aranges
                0x00000100       0x20 c:/winavr-20100110/bin/../lib/gcc/avr/4.3.3/avr5\libgcc.a(_unpack_sf.o)
 .debug_aranges
                0x00000120       0x20 c:/winavr-20100110/bin/../lib/gcc/avr/4.3.3/avr5\libgcc.a(_fpcmp_parts_sf.o)

.debug_pubnames
                0x00000000      0x195
 *(.debug_pubnames)
 .debug_pubnames
                0x00000000       0x23 c:/winavr-20100110/bin/../lib/gcc/avr/4.3.3/avr5\libgcc.a(_fixunssfsi.o)
 .debug_pubnames
                0x00000023       0x2c c:/winavr-20100110/bin/../lib/gcc/avr/4.3.3/avr5\libgcc.a(_addsub_sf.o)
 .debug_pubnames
                0x0000004f       0x1f c:/winavr-20100110/bin/../lib/gcc/avr/4.3.3/avr5\libgcc.a(_mul_sf.o)
 .debug_pubnames
                0x0000006e       0x1e c:/winavr-20100110/bin/../lib/gcc/avr/4.3.3/avr5\libgcc.a(_ge_sf.o)
 .debug_pubnames
                0x0000008c       0x22 c:/winavr-20100110/bin/../lib/gcc/avr/4.3.3/avr5\libgcc.a(_si_to_sf.o)
 .debug_pubnames
                0x000000ae       0x20 c:/winavr-20100110/bin/../lib/gcc/avr/4.3.3/avr5\libgcc.a(_sf_to_si.o)
 .debug_pubnames
                0x000000ce       0x22 c:/winavr-20100110/bin/../lib/gcc/avr/4.3.3/avr5\libgcc.a(_thenan_sf.o)
 .debug_pubnames
                0x000000f0       0x1f c:/winavr-20100110/bin/../lib/gcc/avr/4.3.3/avr5\libgcc.a(_clzsi2.o)
 .debug_pubnames
                0x0000010f       0x1f c:/winavr-20100110/bin/../lib/gcc/avr/4.3.3/avr5\libgcc.a(_pack_sf.o)
 .debug_pubnames
                0x0000012e       0x21 c:/winavr-20100110/bin/../lib/gcc/avr/4.3.3/avr5\libgcc.a(_unpack_sf.o)
 .debug_pubnames
                0x0000014f       0x26 c:/winavr-20100110/bin/../lib/gcc/avr/4.3.3/avr5\libgcc.a(_fpcmp_parts_sf.o)
 .debug_pubnames
                0x00000175       0x20 c:/winavr-20100110/bin/../lib/gcc/avr/4.3.3/avr5\libgcc.a(_clz.o)

.debug_info     0x00000000     0x1b12
 *(.debug_info)
 .debug_info    0x00000000       0xb1 c:/winavr-20100110/bin/../lib/gcc/avr/4.3.3/avr5\libgcc.a(_fixunssfsi.o)
 .debug_info    0x000000b1      0x47a c:/winavr-20100110/bin/../lib/gcc/avr/4.3.3/avr5\libgcc.a(_addsub_sf.o)
 .debug_info    0x0000052b      0x485 c:/winavr-20100110/bin/../lib/gcc/avr/4.3.3/avr5\libgcc.a(_mul_sf.o)
 .debug_info    0x000009b0      0x27f c:/winavr-20100110/bin/../lib/gcc/avr/4.3.3/avr5\libgcc.a(_ge_sf.o)
 .debug_info    0x00000c2f      0x207 c:/winavr-20100110/bin/../lib/gcc/avr/4.3.3/avr5\libgcc.a(_si_to_sf.o)
 .debug_info    0x00000e36      0x2b0 c:/winavr-20100110/bin/../lib/gcc/avr/4.3.3/avr5\libgcc.a(_sf_to_si.o)
 .debug_info    0x000010e6      0x12c c:/winavr-20100110/bin/../lib/gcc/avr/4.3.3/avr5\libgcc.a(_thenan_sf.o)
 .debug_info    0x00001212      0x117 c:/winavr-20100110/bin/../lib/gcc/avr/4.3.3/avr5\libgcc.a(_clzsi2.o)
 .debug_info    0x00001329      0x2df c:/winavr-20100110/bin/../lib/gcc/avr/4.3.3/avr5\libgcc.a(_pack_sf.o)
 .debug_info    0x00001608      0x251 c:/winavr-20100110/bin/../lib/gcc/avr/4.3.3/avr5\libgcc.a(_unpack_sf.o)
 .debug_info    0x00001859      0x210 c:/winavr-20100110/bin/../lib/gcc/avr/4.3.3/avr5\libgcc.a(_fpcmp_parts_sf.o)
 .debug_info    0x00001a69       0xa9 c:/winavr-20100110/bin/../lib/gcc/avr/4.3.3/avr5\libgcc.a(_clz.o)
 *(.gnu.linkonce.wi.*)

.debug_abbrev   0x00000000      0xead
 *(.debug_abbrev)
 .debug_abbrev  0x00000000       0x5d c:/winavr-20100110/bin/../lib/gcc/avr/4.3.3/avr5\libgcc.a(_fixunssfsi.o)
 .debug_abbrev  0x0000005d      0x1ea c:/winavr-20100110/bin/../lib/gcc/avr/4.3.3/avr5\libgcc.a(_addsub_sf.o)
 .debug_abbrev  0x00000247      0x21b c:/winavr-20100110/bin/../lib/gcc/avr/4.3.3/avr5\libgcc.a(_mul_sf.o)
 .debug_abbrev  0x00000462      0x15a c:/winavr-20100110/bin/../lib/gcc/avr/4.3.3/avr5\libgcc.a(_ge_sf.o)
 .debug_abbrev  0x000005bc      0x148 c:/winavr-20100110/bin/../lib/gcc/avr/4.3.3/avr5\libgcc.a(_si_to_sf.o)
 .debug_abbrev  0x00000704      0x17f c:/winavr-20100110/bin/../lib/gcc/avr/4.3.3/avr5\libgcc.a(_sf_to_si.o)
 .debug_abbrev  0x00000883       0xad c:/winavr-20100110/bin/../lib/gcc/avr/4.3.3/avr5\libgcc.a(_thenan_sf.o)
 .debug_abbrev  0x00000930       0xc4 c:/winavr-20100110/bin/../lib/gcc/avr/4.3.3/avr5\libgcc.a(_clzsi2.o)
 .debug_abbrev  0x000009f4      0x1c0 c:/winavr-20100110/bin/../lib/gcc/avr/4.3.3/avr5\libgcc.a(_pack_sf.o)
 .debug_abbrev  0x00000bb4      0x154 c:/winavr-20100110/bin/../lib/gcc/avr/4.3.3/avr5\libgcc.a(_unpack_sf.o)
 .debug_abbrev  0x00000d08      0x13b c:/winavr-20100110/bin/../lib/gcc/avr/4.3.3/avr5\libgcc.a(_fpcmp_parts_sf.o)
 .debug_abbrev  0x00000e43       0x6a c:/winavr-20100110/bin/../lib/gcc/avr/4.3.3/avr5\libgcc.a(_clz.o)

.debug_line     0x00000000      0xe5d
 *(.debug_line)
 .debug_line    0x00000000       0xa7 c:/winavr-20100110/bin/../lib/gcc/avr/4.3.3/avr5\libgcc.a(_fixunssfsi.o)
 .debug_line    0x000000a7      0x2af c:/winavr-20100110/bin/../lib/gcc/avr/4.3.3/avr5\libgcc.a(_addsub_sf.o)
 .debug_line    0x00000356      0x239 c:/winavr-20100110/bin/../lib/gcc/avr/4.3.3/avr5\libgcc.a(_mul_sf.o)
 .debug_line    0x0000058f       0xd3 c:/winavr-20100110/bin/../lib/gcc/avr/4.3.3/avr5\libgcc.a(_ge_sf.o)
 .debug_line    0x00000662      0x135 c:/winavr-20100110/bin/../lib/gcc/avr/4.3.3/avr5\libgcc.a(_si_to_sf.o)
 .debug_line    0x00000797      0x109 c:/winavr-20100110/bin/../lib/gcc/avr/4.3.3/avr5\libgcc.a(_sf_to_si.o)
 .debug_line    0x000008a0       0x90 c:/winavr-20100110/bin/../lib/gcc/avr/4.3.3/avr5\libgcc.a(_thenan_sf.o)
 .debug_line    0x00000930       0xa5 c:/winavr-20100110/bin/../lib/gcc/avr/4.3.3/avr5\libgcc.a(_clzsi2.o)
 .debug_line    0x000009d5      0x18a c:/winavr-20100110/bin/../lib/gcc/avr/4.3.3/avr5\libgcc.a(_pack_sf.o)
 .debug_line    0x00000b5f      0x14b c:/winavr-20100110/bin/../lib/gcc/avr/4.3.3/avr5\libgcc.a(_unpack_sf.o)
 .debug_line    0x00000caa      0x137 c:/winavr-20100110/bin/../lib/gcc/avr/4.3.3/avr5\libgcc.a(_fpcmp_parts_sf.o)
 .debug_line    0x00000de1       0x7c c:/winavr-20100110/bin/../lib/gcc/avr/4.3.3/avr5\libgcc.a(_clz.o)

.debug_frame    0x00000000      0x160
 *(.debug_frame)
 .debug_frame   0x00000000       0x20 c:/winavr-20100110/bin/../lib/gcc/avr/4.3.3/avr5\libgcc.a(_fixunssfsi.o)
 .debug_frame   0x00000020       0x40 c:/winavr-20100110/bin/../lib/gcc/avr/4.3.3/avr5\libgcc.a(_addsub_sf.o)
 .debug_frame   0x00000060       0x20 c:/winavr-20100110/bin/../lib/gcc/avr/4.3.3/avr5\libgcc.a(_mul_sf.o)
 .debug_frame   0x00000080       0x20 c:/winavr-20100110/bin/../lib/gcc/avr/4.3.3/avr5\libgcc.a(_ge_sf.o)
 .debug_frame   0x000000a0       0x20 c:/winavr-20100110/bin/../lib/gcc/avr/4.3.3/avr5\libgcc.a(_si_to_sf.o)
 .debug_frame   0x000000c0       0x20 c:/winavr-20100110/bin/../lib/gcc/avr/4.3.3/avr5\libgcc.a(_sf_to_si.o)
 .debug_frame   0x000000e0       0x20 c:/winavr-20100110/bin/../lib/gcc/avr/4.3.3/avr5\libgcc.a(_clzsi2.o)
 .debug_frame   0x00000100       0x20 c:/winavr-20100110/bin/../lib/gcc/avr/4.3.3/avr5\libgcc.a(_pack_sf.o)
 .debug_frame   0x00000120       0x20 c:/winavr-20100110/bin/../lib/gcc/avr/4.3.3/avr5\libgcc.a(_unpack_sf.o)
 .debug_frame   0x00000140       0x20 c:/winavr-20100110/bin/../lib/gcc/avr/4.3.3/avr5\libgcc.a(_fpcmp_parts_sf.o)

.debug_str      0x00000000      0x2ae
 *(.debug_str)
 .debug_str     0x00000000       0xbf c:/winavr-20100110/bin/../lib/gcc/avr/4.3.3/avr5\libgcc.a(_fixunssfsi.o)
                                 0xfe (size before relaxing)
 .debug_str     0x000000bf      0x14d c:/winavr-20100110/bin/../lib/gcc/avr/4.3.3/avr5\libgcc.a(_addsub_sf.o)
                                0x206 (size before relaxing)
 .debug_str     0x0000020c       0x27 c:/winavr-20100110/bin/../lib/gcc/avr/4.3.3/avr5\libgcc.a(_mul_sf.o)
                                0x1bf (size before relaxing)
 .debug_str     0x00000233        0x8 c:/winavr-20100110/bin/../lib/gcc/avr/4.3.3/avr5\libgcc.a(_ge_sf.o)
                                0x195 (size before relaxing)
 .debug_str     0x0000023b       0x1e c:/winavr-20100110/bin/../lib/gcc/avr/4.3.3/avr5\libgcc.a(_si_to_sf.o)
                                0x17b (size before relaxing)
 .debug_str     0x00000259        0xa c:/winavr-20100110/bin/../lib/gcc/avr/4.3.3/avr5\libgcc.a(_sf_to_si.o)
                                0x19e (size before relaxing)
 .debug_str     0x00000000      0x103 c:/winavr-20100110/bin/../lib/gcc/avr/4.3.3/avr5\libgcc.a(_thenan_sf.o)
 .debug_str     0x00000263       0x20 c:/winavr-20100110/bin/../lib/gcc/avr/4.3.3/avr5\libgcc.a(_clzsi2.o)
                                0x111 (size before relaxing)
 .debug_str     0x00000283       0x10 c:/winavr-20100110/bin/../lib/gcc/avr/4.3.3/avr5\libgcc.a(_pack_sf.o)
                                0x19d (size before relaxing)
 .debug_str     0x00000293        0xb c:/winavr-20100110/bin/../lib/gcc/avr/4.3.3/avr5\libgcc.a(_unpack_sf.o)
                                0x17f (size before relaxing)
 .debug_str     0x0000029e       0x10 c:/winavr-20100110/bin/../lib/gcc/avr/4.3.3/avr5\libgcc.a(_fpcmp_parts_sf.o)
                                0x163 (size before relaxing)
 .debug_str     0x00000000       0xf4 c:/winavr-20100110/bin/../lib/gcc/avr/4.3.3/avr5\libgcc.a(_clz.o)

.debug_loc      0x00000000      0x896
 *(.debug_loc)
 .debug_loc     0x00000000       0x34 c:/winavr-20100110/bin/../lib/gcc/avr/4.3.3/avr5\libgcc.a(_fixunssfsi.o)
 .debug_loc     0x00000034      0x32a c:/winavr-20100110/bin/../lib/gcc/avr/4.3.3/avr5\libgcc.a(_addsub_sf.o)
 .debug_loc     0x0000035e      0x104 c:/winavr-20100110/bin/../lib/gcc/avr/4.3.3/avr5\libgcc.a(_mul_sf.o)
 .debug_loc     0x00000462       0x3c c:/winavr-20100110/bin/../lib/gcc/avr/4.3.3/avr5\libgcc.a(_ge_sf.o)
 .debug_loc     0x0000049e       0xac c:/winavr-20100110/bin/../lib/gcc/avr/4.3.3/avr5\libgcc.a(_si_to_sf.o)
 .debug_loc     0x0000054a       0x7e c:/winavr-20100110/bin/../lib/gcc/avr/4.3.3/avr5\libgcc.a(_sf_to_si.o)
 .debug_loc     0x000005c8       0x94 c:/winavr-20100110/bin/../lib/gcc/avr/4.3.3/avr5\libgcc.a(_clzsi2.o)
 .debug_loc     0x0000065c      0x13e c:/winavr-20100110/bin/../lib/gcc/avr/4.3.3/avr5\libgcc.a(_pack_sf.o)
 .debug_loc     0x0000079a       0xac c:/winavr-20100110/bin/../lib/gcc/avr/4.3.3/avr5\libgcc.a(_unpack_sf.o)
 .debug_loc     0x00000846       0x50 c:/winavr-20100110/bin/../lib/gcc/avr/4.3.3/avr5\libgcc.a(_fpcmp_parts_sf.o)

.debug_macinfo
 *(.debug_macinfo)
OUTPUT(GPIO_Challenge.elf elf32-avr)
LOAD linker stubs

.debug_ranges   0x00000000       0x50
 .debug_ranges  0x00000000       0x50 c:/winavr-20100110/bin/../lib/gcc/avr/4.3.3/avr5\libgcc.a(_mul_sf.o)
